..\lib\lib32\bxdual_VC.ilk
..\lib\lib32\bxdual_VC.pdb
E:\VSproject\bxdual_VC\bxdual_VC\..\lib\lib32\bxdual_VC.exe
E:\VSPROJECT\BXDUAL_VC\BXDUAL_VC\DEBUG\BXDUAL_VC.EXE.EMBED.MANIFEST
E:\VSPROJECT\BXDUAL_VC\BXDUAL_VC\DEBUG\BXDUAL_VC.EXE.EMBED.MANIFEST.RES
E:\VSPROJECT\BXDUAL_VC\BXDUAL_VC\DEBUG\BXDUAL_VC.EXE.INTERMEDIATE.MANIFEST
E:\VSPROJECT\BXDUAL_VC\BXDUAL_VC\DEBUG\BXDUAL_VC.OBJ
E:\VSPROJECT\BXDUAL_VC\BXDUAL_VC\DEBUG\BXDUAL_VC.PCH
E:\VSproject\bxdual_VC\bxdual_VC\Debug\bxdual_VC.write.1.tlog
E:\VSproject\bxdual_VC\bxdual_VC\Debug\bxdual_VC_manifest.rc
E:\VSproject\bxdual_VC\bxdual_VC\Debug\cl.command.1.tlog
E:\VSproject\bxdual_VC\bxdual_VC\Debug\CL.read.1.tlog
E:\VSproject\bxdual_VC\bxdual_VC\Debug\CL.write.1.tlog
E:\VSproject\bxdual_VC\bxdual_VC\Debug\link.12516.read.1.tlog
E:\VSproject\bxdual_VC\bxdual_VC\Debug\link.12516.write.1.tlog
E:\VSproject\bxdual_VC\bxdual_VC\Debug\link.12516-cvtres.read.1.tlog
E:\VSproject\bxdual_VC\bxdual_VC\Debug\link.12516-cvtres.write.1.tlog
E:\VSproject\bxdual_VC\bxdual_VC\Debug\link.command.1.tlog
E:\VSproject\bxdual_VC\bxdual_VC\Debug\link.read.1.tlog
E:\VSproject\bxdual_VC\bxdual_VC\Debug\link.write.1.tlog
E:\VSproject\bxdual_VC\bxdual_VC\Debug\link-cvtres.read.1.tlog
E:\VSproject\bxdual_VC\bxdual_VC\Debug\link-cvtres.write.1.tlog
E:\VSproject\bxdual_VC\bxdual_VC\Debug\mt.command.1.tlog
E:\VSproject\bxdual_VC\bxdual_VC\Debug\mt.read.1.tlog
E:\VSproject\bxdual_VC\bxdual_VC\Debug\mt.write.1.tlog
E:\VSproject\bxdual_VC\bxdual_VC\Debug\rc.command.1.tlog
E:\VSproject\bxdual_VC\bxdual_VC\Debug\rc.read.1.tlog
E:\VSproject\bxdual_VC\bxdual_VC\Debug\rc.write.1.tlog
E:\VSPROJECT\BXDUAL_VC\BXDUAL_VC\DEBUG\STDAFX.OBJ
E:\VSproject\bxdual_VC\bxdual_VC\Debug\vc100.idb
E:\VSPROJECT\BXDUAL_VC\BXDUAL_VC\DEBUG\VC100.PDB
E:\VSPROJECT\BXDUAL_VC\LIB\LIB32\BXDUAL_VC.EXE
E:\VSPROJECT\BXDUAL_VC\LIB\LIB32\BXDUAL_VC.ILK
E:\VSPROJECT\BXDUAL_VC\LIB\LIB32\BXDUAL_VC.PDB
