生成启动时间为 2022/9/20 11:03:23。
     1>项目“E:\VSproject\bxdual_VC\bxdual_VC\bxdual_VC.vcxproj”在节点 2 上(build 个目标)。
     1>InitializeBuildStatus:
         正在创建“Release\bxdual_VC.unsuccessfulbuild”，因为已指定“AlwaysCreate”。
       ClCompile:
         所有输出均为最新。
         D:\Program Files (x86)\Microsoft Visual Studio 10.0\VC\bin\CL.exe /c /Zi /nologo /W3 /WX- /O2 /Oi /Oy- /GL /D WIN32 /D NDEBUG /D _CONSOLE /D _UNICODE /D UNICODE /Gm- /EHsc /MD /GS /Gy /fp:precise /Zc:wchar_t /Zc:forScope /Yu"StdAfx.h" /Fp"Release\bxdual_VC.pch" /Fo"Release\\" /Fd"Release\vc100.pdb" /Gd /TP /analyze- /errorReport:prompt bxdual_VC.cpp
         bxdual_VC.cpp
     1>bxdual_VC.cpp(166): warning C4996: 'strcpy': This function or variable may be unsafe. Consider using strcpy_s instead. To disable deprecation, use _CRT_SECURE_NO_WARNINGS. See online help for details.
                 D:\Program Files (x86)\Microsoft Visual Studio 10.0\VC\include\string.h(105) : 参见“strcpy”的声明
     1>bxdual_VC.cpp(186): warning C4996: 'strcpy': This function or variable may be unsafe. Consider using strcpy_s instead. To disable deprecation, use _CRT_SECURE_NO_WARNINGS. See online help for details.
                 D:\Program Files (x86)\Microsoft Visual Studio 10.0\VC\include\string.h(105) : 参见“strcpy”的声明
     1>bxdual_VC.cpp(235): warning C4482: 使用了非标准扩展: 限定名中使用了枚举“E_Color_G56”
     1>bxdual_VC.cpp(257): warning C4482: 使用了非标准扩展: 限定名中使用了枚举“E_arrMode”
     1>bxdual_VC.cpp(259): warning C4482: 使用了非标准扩展: 限定名中使用了枚举“E_Color_G56”
     1>bxdual_VC.cpp(262): warning C4482: 使用了非标准扩展: 限定名中使用了枚举“E_txtDirection”
     1>bxdual_VC.cpp(280): warning C4482: 使用了非标准扩展: 限定名中使用了枚举“E_arrMode”
     1>bxdual_VC.cpp(282): warning C4482: 使用了非标准扩展: 限定名中使用了枚举“E_Color_G56”
     1>bxdual_VC.cpp(285): warning C4482: 使用了非标准扩展: 限定名中使用了枚举“E_txtDirection”
     1>bxdual_VC.cpp(541): warning C4482: 使用了非标准扩展: 限定名中使用了枚举“E_ScreenColor_G56”
     1>bxdual_VC.cpp(569): warning C4244: “参数”: 从“Ouint16”转换到“Ouint8”，可能丢失数据
     1>bxdual_VC.cpp(603): warning C4482: 使用了非标准扩展: 限定名中使用了枚举“E_ScreenColor_G56”
       Link:
         D:\Program Files (x86)\Microsoft Visual Studio 10.0\VC\bin\link.exe /ERRORREPORT:PROMPT /OUT:"E:\VSproject\bxdual_VC\Release\bxdual_VC.exe" /INCREMENTAL:NO /NOLOGO kernel32.lib user32.lib gdi32.lib winspool.lib comdlg32.lib advapi32.lib shell32.lib ole32.lib oleaut32.lib uuid.lib odbc32.lib odbccp32.lib /MANIFEST /ManifestFile:"Release\bxdual_VC.exe.intermediate.manifest" /MANIFESTUAC:"level='asInvoker' uiAccess='false'" /DEBUG /PDB:"E:\VSproject\bxdual_VC\Release\bxdual_VC.pdb" /SUBSYSTEM:CONSOLE /OPT:REF /OPT:ICF /LTCG /TLBID:1 /DYNAMICBASE /NXCOMPAT /IMPLIB:"E:\VSproject\bxdual_VC\Release\bxdual_VC.lib" /MACHINE:X86 Release\bxdual_VC.obj
         Release\stdafx.obj
         正在生成代码
         已完成代码的生成
         bxdual_VC.vcxproj -> E:\VSproject\bxdual_VC\Release\bxdual_VC.exe
       Manifest:
         C:\Program Files (x86)\Microsoft SDKs\Windows\v7.0A\bin\mt.exe /nologo /verbose /outputresource:"E:\VSproject\bxdual_VC\Release\bxdual_VC.exe;#1" /manifest Release\bxdual_VC.exe.intermediate.manifest
       FinalizeBuildStatus:
         正在删除文件“Release\bxdual_VC.unsuccessfulbuild”。
         正在对“Release\bxdual_VC.lastbuildstate”执行 Touch 任务。
     1>已完成生成项目“E:\VSproject\bxdual_VC\bxdual_VC\bxdual_VC.vcxproj”(build 个目标)的操作。

生成成功。

已用时间 00:00:01.87
