生成启动时间为 2022/10/24 10:47:49。
     1>项目“E:\VSproject\bxdual_VC\bxdual_VC\bxdual_VC.vcxproj”在节点 2 上(build 个目标)。
     1>C:\Program Files (x86)\MSBuild\Microsoft.Cpp\v4.0\Microsoft.CppBuild.targets(299,5): warning MSB8004: Output 目录未以斜杠结尾。此生成实例将添加斜杠，因为必须有这个斜杠才能正确计算 Output 目录。
     1>InitializeBuildStatus:
         正在创建“x64\Debug\bxdual_VC.unsuccessfulbuild”，因为已指定“AlwaysCreate”。
       ClCompile:
         所有输出均为最新。
         D:\Program Files (x86)\Microsoft Visual Studio 10.0\VC\bin\x86_amd64\CL.exe /c /Zi /nologo /W3 /WX- /Od /D WIN32 /D _DEBUG /D _CONSOLE /Gm /EHsc /RTC1 /MDd /GS /fp:precise /Zc:wchar_t /Zc:forScope /Yu"StdAfx.h" /Fp"x64\Debug\bxdual_VC.pch" /Fo"x64\Debug\\" /Fd"x64\Debug\vc100.pdb" /Gd /TP /errorReport:prompt bxdual_VC.cpp
         bxdual_VC.cpp
     1>bxdual_VC.cpp(166): warning C4996: 'strcpy': This function or variable may be unsafe. Consider using strcpy_s instead. To disable deprecation, use _CRT_SECURE_NO_WARNINGS. See online help for details.
                 D:\Program Files (x86)\Microsoft Visual Studio 10.0\VC\include\string.h(105) : 参见“strcpy”的声明
     1>bxdual_VC.cpp(186): warning C4996: 'strcpy': This function or variable may be unsafe. Consider using strcpy_s instead. To disable deprecation, use _CRT_SECURE_NO_WARNINGS. See online help for details.
                 D:\Program Files (x86)\Microsoft Visual Studio 10.0\VC\include\string.h(105) : 参见“strcpy”的声明
     1>bxdual_VC.cpp(235): warning C4482: 使用了非标准扩展: 限定名中使用了枚举“E_Color_G56”
     1>bxdual_VC.cpp(257): warning C4482: 使用了非标准扩展: 限定名中使用了枚举“E_arrMode”
     1>bxdual_VC.cpp(259): warning C4482: 使用了非标准扩展: 限定名中使用了枚举“E_Color_G56”
     1>bxdual_VC.cpp(262): warning C4482: 使用了非标准扩展: 限定名中使用了枚举“E_txtDirection”
     1>bxdual_VC.cpp(280): warning C4482: 使用了非标准扩展: 限定名中使用了枚举“E_arrMode”
     1>bxdual_VC.cpp(282): warning C4482: 使用了非标准扩展: 限定名中使用了枚举“E_Color_G56”
     1>bxdual_VC.cpp(285): warning C4482: 使用了非标准扩展: 限定名中使用了枚举“E_txtDirection”
     1>bxdual_VC.cpp(495): warning C4267: “初始化”: 从“size_t”转换到“Ouint8”，可能丢失数据
     1>bxdual_VC.cpp(542): warning C4482: 使用了非标准扩展: 限定名中使用了枚举“E_ScreenColor_G56”
     1>bxdual_VC.cpp(570): warning C4244: “参数”: 从“Ouint16”转换到“Ouint8”，可能丢失数据
     1>bxdual_VC.cpp(604): warning C4482: 使用了非标准扩展: 限定名中使用了枚举“E_ScreenColor_G56”
       ManifestResourceCompile:
         所有输出均为最新。
       Link:
         D:\Program Files (x86)\Microsoft Visual Studio 10.0\VC\bin\x86_amd64\link.exe /ERRORREPORT:PROMPT /OUT:"..\lib\lib64\bxdual_VC.exe" /INCREMENTAL /NOLOGO /LIBPATH:F:\GameDownload\bxdual_VC\lib\lib32 bx_sdk_dual.lib /MANIFEST /ManifestFile:"x64\Debug\bxdual_VC.exe.intermediate.manifest" /MANIFESTUAC:"level='asInvoker' uiAccess='false'" /DEBUG /PDB:"E:\VSproject\bxdual_VC\lib\lib64\bxdual_VC.pdb" /SUBSYSTEM:CONSOLE /TLBID:1 /DYNAMICBASE /NXCOMPAT /IMPLIB:"..\lib\lib64\bxdual_VC.lib" /MACHINE:X64 x64\Debug\bxdual_VC.exe.embed.manifest.res
         x64\Debug\bxdual_VC.obj
         x64\Debug\stdafx.obj
         bxdual_VC.vcxproj -> E:\VSproject\bxdual_VC\bxdual_VC\..\lib\lib64\bxdual_VC.exe
       Manifest:
         C:\Program Files (x86)\Microsoft SDKs\Windows\v7.0A\bin\mt.exe /nologo /verbose /out:"x64\Debug\bxdual_VC.exe.embed.manifest" /manifest x64\Debug\bxdual_VC.exe.intermediate.manifest
         所有输出均为最新。
       LinkEmbedManifest:
         所有输出均为最新。
         bxdual_VC.vcxproj -> E:\VSproject\bxdual_VC\bxdual_VC\..\lib\lib64\bxdual_VC.exe
       FinalizeBuildStatus:
         正在删除文件“x64\Debug\bxdual_VC.unsuccessfulbuild”。
         正在对“x64\Debug\bxdual_VC.lastbuildstate”执行 Touch 任务。
     1>已完成生成项目“E:\VSproject\bxdual_VC\bxdual_VC\bxdual_VC.vcxproj”(build 个目标)的操作。

生成成功。

已用时间 00:00:00.91
